// Jest Snapshot v1, https://goo.gl/fbAQLP

exports[`<VersionList /> Should match previous snapshot 1`] = `
<div
  className="text-selection-section"
  style={
    Object {
      "display": "block",
    }
  }
>
  <div
    className="version-name-list"
  >
    <span
      className="version-item-button"
    >
      There was an error fetching this resource, an Admin has been notified. We apologize for the inconvenience.
    </span>
  </div>
</div>
`;
