// Jest Snapshot v1, https://goo.gl/fbAQLP

exports[`ReadersModeVerse tests Should match the old snapshot 1`] = `
Array [
  <span
    className="align-left"
    dangerouslySetInnerHTML={
      Object {
        "__html": "In the beginning God created the heavens and the earth.",
      }
    }
    data-verseid={1}
    onClick={[MockFunction]}
    onMouseDown={[MockFunction]}
    onMouseUp={[MockFunction]}
    style={
      Object {
        "background": "linear-gradient(inherit,inherit)",
      }
    }
  />,
  <span
    className="readers-spaces"
  >
     
  </span>,
]
`;
