// Jest Snapshot v1, https://goo.gl/fbAQLP

exports[`CountryList component should match snapshot of active list 1`] = `
<div
  className="text-selection-section"
>
  <div
    className="country-name-list"
    onMouseDown={[Function]}
    onMouseLeave={[Function]}
    onMouseUp={[Function]}
    onTouchEnd={[Function]}
    onTouchMove={[Function]}
    onTouchStart={[Function]}
  >
    <div
      className="pull-down-refresh"
      style={
        Object {
          "height": 0,
          "maxHeight": 0,
        }
      }
    >
      <span
        style={
          Object {
            "textAlign": "center",
            "width": "100%",
          }
        }
      >
        Pull to Refresh
      </span>
    </div>
    <div
      className="country-name"
      onClick={[Function]}
      role="button"
      style=""
      tabIndex={0}
      title="Australia"
    >
      <svg
        className="icon"
        height="25px"
        width="25px"
      >
        <use
          xlinkHref="/static/flags.svg#AU"
          xmlnsXlink="http://www.w3.org/1999/xlink"
        />
      </svg>
      <h4
        className="inactive-country"
      >
        Australia
      </h4>
    </div>
    <div
      className="country-name"
      onClick={[Function]}
      role="button"
      style=""
      tabIndex={0}
      title="Moldova"
    >
      <svg
        className="icon"
        height="25px"
        width="25px"
      >
        <use
          xlinkHref="/static/flags.svg#MD"
          xmlnsXlink="http://www.w3.org/1999/xlink"
        />
      </svg>
      <h4
        className="inactive-country"
      >
        Moldova
      </h4>
    </div>
    <div
      className="country-name"
      onClick={[Function]}
      role="button"
      style=""
      tabIndex={0}
      title="Cambodia"
    >
      <svg
        className="icon"
        height="25px"
        width="25px"
      >
        <use
          xlinkHref="/static/flags.svg#KH"
          xmlnsXlink="http://www.w3.org/1999/xlink"
        />
      </svg>
      <h4
        className="inactive-country"
      >
        Cambodia
      </h4>
    </div>
    <div
      className="country-name"
      onClick={[Function]}
      role="button"
      style=""
      tabIndex={0}
      title="Dominica"
    >
      <svg
        className="icon"
        height="25px"
        width="25px"
      >
        <use
          xlinkHref="/static/flags.svg#DM"
          xmlnsXlink="http://www.w3.org/1999/xlink"
        />
      </svg>
      <h4
        className="inactive-country"
      >
        Dominica
      </h4>
    </div>
    <div
      className="country-name"
      onClick={[Function]}
      role="button"
      style=""
      tabIndex={0}
      title="Israel"
    >
      <svg
        className="icon"
        height="25px"
        width="25px"
      >
        <use
          xlinkHref="/static/flags.svg#IL"
          xmlnsXlink="http://www.w3.org/1999/xlink"
        />
      </svg>
      <h4
        className="inactive-country"
      >
        Israel
      </h4>
    </div>
    <div
      className="country-name"
      onClick={[Function]}
      role="button"
      style=""
      tabIndex={0}
      title="Mauritania"
    >
      <svg
        className="icon"
        height="25px"
        width="25px"
      >
        <use
          xlinkHref="/static/flags.svg#MR"
          xmlnsXlink="http://www.w3.org/1999/xlink"
        />
      </svg>
      <h4
        className="inactive-country"
      >
        Mauritania
      </h4>
    </div>
    <div
      className="country-name"
      onClick={[Function]}
      role="button"
      style=""
      tabIndex={0}
      title="Slovenia"
    >
      <svg
        className="icon"
        height="25px"
        width="25px"
      >
        <use
          xlinkHref="/static/flags.svg#SI"
          xmlnsXlink="http://www.w3.org/1999/xlink"
        />
      </svg>
      <h4
        className="inactive-country"
      >
        Slovenia
      </h4>
    </div>
    <div
      className="country-name"
      onClick={[Function]}
      role="button"
      style=""
      tabIndex={0}
      title="Algeria"
    >
      <svg
        className="icon"
        height="25px"
        width="25px"
      >
        <use
          xlinkHref="/static/flags.svg#DZ"
          xmlnsXlink="http://www.w3.org/1999/xlink"
        />
      </svg>
      <h4
        className="inactive-country"
      >
        Algeria
      </h4>
    </div>
    <div
      className="country-name"
      onClick={[Function]}
      role="button"
      style=""
      tabIndex={0}
      title="Monaco"
    >
      <svg
        className="icon"
        height="25px"
        width="25px"
      >
        <use
          xlinkHref="/static/flags.svg#MC"
          xmlnsXlink="http://www.w3.org/1999/xlink"
        />
      </svg>
      <h4
        className="inactive-country"
      >
        Monaco
      </h4>
    </div>
    <div
      className="country-name"
      onClick={[Function]}
      role="button"
      style=""
      tabIndex={0}
      title="Philippines"
    >
      <svg
        className="icon"
        height="25px"
        width="25px"
      >
        <use
          xlinkHref="/static/flags.svg#PH"
          xmlnsXlink="http://www.w3.org/1999/xlink"
        />
      </svg>
      <h4
        className="inactive-country"
      >
        Philippines
      </h4>
    </div>
    <div
      className="country-name"
      onClick={[Function]}
      role="button"
      style=""
      tabIndex={0}
      title="New Zealand"
    >
      <svg
        className="icon"
        height="25px"
        width="25px"
      >
        <use
          xlinkHref="/static/flags.svg#NZ"
          xmlnsXlink="http://www.w3.org/1999/xlink"
        />
      </svg>
      <h4
        className="inactive-country"
      >
        New Zealand
      </h4>
    </div>
    <div
      className="country-name"
      onClick={[Function]}
      role="button"
      style=""
      tabIndex={0}
      title="Costa Rica"
    >
      <svg
        className="icon"
        height="25px"
        width="25px"
      >
        <use
          xlinkHref="/static/flags.svg#CR"
          xmlnsXlink="http://www.w3.org/1999/xlink"
        />
      </svg>
      <h4
        className="inactive-country"
      >
        Costa Rica
      </h4>
    </div>
    <div
      className="country-name"
      onClick={[Function]}
      role="button"
      style=""
      tabIndex={0}
      title="Slovakia"
    >
      <svg
        className="icon"
        height="25px"
        width="25px"
      >
        <use
          xlinkHref="/static/flags.svg#SK"
          xmlnsXlink="http://www.w3.org/1999/xlink"
        />
      </svg>
      <h4
        className="inactive-country"
      >
        Slovakia
      </h4>
    </div>
    <div
      className="country-name"
      onClick={[Function]}
      role="button"
      style=""
      tabIndex={0}
      title="Hungary"
    >
      <svg
        className="icon"
        height="25px"
        width="25px"
      >
        <use
          xlinkHref="/static/flags.svg#HU"
          xmlnsXlink="http://www.w3.org/1999/xlink"
        />
      </svg>
      <h4
        className="inactive-country"
      >
        Hungary
      </h4>
    </div>
    <div
      className="country-name"
      onClick={[Function]}
      role="button"
      style=""
      tabIndex={0}
      title="Fiji"
    >
      <svg
        className="icon"
        height="25px"
        width="25px"
      >
        <use
          xlinkHref="/static/flags.svg#FJ"
          xmlnsXlink="http://www.w3.org/1999/xlink"
        />
      </svg>
      <h4
        className="inactive-country"
      >
        Fiji
      </h4>
    </div>
    <div
      className="country-name"
      onClick={[Function]}
      role="button"
      style=""
      tabIndex={0}
      title="Italy"
    >
      <svg
        className="icon"
        height="25px"
        width="25px"
      >
        <use
          xlinkHref="/static/flags.svg#IT"
          xmlnsXlink="http://www.w3.org/1999/xlink"
        />
      </svg>
      <h4
        className="inactive-country"
      >
        Italy
      </h4>
    </div>
    <div
      className="country-name"
      onClick={[Function]}
      role="button"
      style=""
      tabIndex={0}
      title="Togo"
    >
      <svg
        className="icon"
        height="25px"
        width="25px"
      >
        <use
          xlinkHref="/static/flags.svg#TG"
          xmlnsXlink="http://www.w3.org/1999/xlink"
        />
      </svg>
      <h4
        className="inactive-country"
      >
        Togo
      </h4>
    </div>
    <div
      className="country-name"
      onClick={[Function]}
      role="button"
      style=""
      tabIndex={0}
      title="Bangladesh"
    >
      <svg
        className="icon"
        height="25px"
        width="25px"
      >
        <use
          xlinkHref="/static/flags.svg#BD"
          xmlnsXlink="http://www.w3.org/1999/xlink"
        />
      </svg>
      <h4
        className="inactive-country"
      >
        Bangladesh
      </h4>
    </div>
    <div
      className="country-name"
      onClick={[Function]}
      role="button"
      style=""
      tabIndex={0}
      title="Belgium"
    >
      <svg
        className="icon"
        height="25px"
        width="25px"
      >
        <use
          xlinkHref="/static/flags.svg#BE"
          xmlnsXlink="http://www.w3.org/1999/xlink"
        />
      </svg>
      <h4
        className="inactive-country"
      >
        Belgium
      </h4>
    </div>
    <div
      className="country-name"
      onClick={[Function]}
      role="button"
      style=""
      tabIndex={0}
      title="Myanmar (Burma)"
    >
      <svg
        className="icon"
        height="25px"
        width="25px"
      >
        <use
          xlinkHref="/static/flags.svg#MM"
          xmlnsXlink="http://www.w3.org/1999/xlink"
        />
      </svg>
      <h4
        className="inactive-country"
      >
        Myanmar (Burma)
      </h4>
    </div>
    <div
      className="country-name"
      onClick={[Function]}
      role="button"
      style=""
      tabIndex={0}
      title="Switzerland"
    >
      <svg
        className="icon"
        height="25px"
        width="25px"
      >
        <use
          xlinkHref="/static/flags.svg#CH"
          xmlnsXlink="http://www.w3.org/1999/xlink"
        />
      </svg>
      <h4
        className="inactive-country"
      >
        Switzerland
      </h4>
    </div>
    <div
      className="country-name"
      onClick={[Function]}
      role="button"
      style=""
      tabIndex={0}
      title="United Arab Emirates"
    >
      <svg
        className="icon"
        height="25px"
        width="25px"
      >
        <use
          xlinkHref="/static/flags.svg#AE"
          xmlnsXlink="http://www.w3.org/1999/xlink"
        />
      </svg>
      <h4
        className="inactive-country"
      >
        United Arab Emirates
      </h4>
    </div>
    <div
      className="country-name"
      onClick={[Function]}
      role="button"
      style=""
      tabIndex={0}
      title="Jordan"
    >
      <svg
        className="icon"
        height="25px"
        width="25px"
      >
        <use
          xlinkHref="/static/flags.svg#JO"
          xmlnsXlink="http://www.w3.org/1999/xlink"
        />
      </svg>
      <h4
        className="inactive-country"
      >
        Jordan
      </h4>
    </div>
    <div
      className="country-name"
      onClick={[Function]}
      role="button"
      style=""
      tabIndex={0}
      title="Syria"
    >
      <svg
        className="icon"
        height="25px"
        width="25px"
      >
        <use
          xlinkHref="/static/flags.svg#SY"
          xmlnsXlink="http://www.w3.org/1999/xlink"
        />
      </svg>
      <h4
        className="inactive-country"
      >
        Syria
      </h4>
    </div>
    <div
      className="country-name"
      onClick={[Function]}
      role="button"
      style=""
      tabIndex={0}
      title="Papua New Guinea"
    >
      <svg
        className="icon"
        height="25px"
        width="25px"
      >
        <use
          xlinkHref="/static/flags.svg#PG"
          xmlnsXlink="http://www.w3.org/1999/xlink"
        />
      </svg>
      <h4
        className="inactive-country"
      >
        Papua New Guinea
      </h4>
    </div>
    <div
      className="country-name"
      onClick={[Function]}
      role="button"
      style=""
      tabIndex={0}
      title="Bolivia"
    >
      <svg
        className="icon"
        height="25px"
        width="25px"
      >
        <use
          xlinkHref="/static/flags.svg#BO"
          xmlnsXlink="http://www.w3.org/1999/xlink"
        />
      </svg>
      <h4
        className="inactive-country"
      >
        Bolivia
      </h4>
    </div>
    <div
      className="country-name"
      onClick={[Function]}
      role="button"
      style=""
      tabIndex={0}
      title="Indonesia"
    >
      <svg
        className="icon"
        height="25px"
        width="25px"
      >
        <use
          xlinkHref="/static/flags.svg#ID"
          xmlnsXlink="http://www.w3.org/1999/xlink"
        />
      </svg>
      <h4
        className="inactive-country"
      >
        Indonesia
      </h4>
    </div>
    <div
      className="country-name"
      onClick={[Function]}
      role="button"
      style=""
      tabIndex={0}
      title="Suriname"
    >
      <svg
        className="icon"
        height="25px"
        width="25px"
      >
        <use
          xlinkHref="/static/flags.svg#SR"
          xmlnsXlink="http://www.w3.org/1999/xlink"
        />
      </svg>
      <h4
        className="inactive-country"
      >
        Suriname
      </h4>
    </div>
    <div
      className="country-name"
      onClick={[Function]}
      role="button"
      style=""
      tabIndex={0}
      title="Western Sahara"
    >
      <svg
        className="icon"
        height="25px"
        width="25px"
      >
        <use
          xlinkHref="/static/flags.svg#EH"
          xmlnsXlink="http://www.w3.org/1999/xlink"
        />
      </svg>
      <h4
        className="inactive-country"
      >
        Western Sahara
      </h4>
    </div>
    <div
      className="country-name"
      onClick={[Function]}
      role="button"
      style=""
      tabIndex={0}
      title="Singapore"
    >
      <svg
        className="icon"
        height="25px"
        width="25px"
      >
        <use
          xlinkHref="/static/flags.svg#SG"
          xmlnsXlink="http://www.w3.org/1999/xlink"
        />
      </svg>
      <h4
        className="inactive-country"
      >
        Singapore
      </h4>
    </div>
    <div
      className="country-name"
      onClick={[Function]}
      role="button"
      style=""
      tabIndex={0}
      title="Nepal"
    >
      <svg
        className="icon"
        height="25px"
        width="25px"
      >
        <use
          xlinkHref="/static/flags.svg#NP"
          xmlnsXlink="http://www.w3.org/1999/xlink"
        />
      </svg>
      <h4
        className="inactive-country"
      >
        Nepal
      </h4>
    </div>
    <div
      className="country-name"
      onClick={[Function]}
      role="button"
      style=""
      tabIndex={0}
      title="Afghanistan"
    >
      <svg
        className="icon"
        height="25px"
        width="25px"
      >
        <use
          xlinkHref="/static/flags.svg#AF"
          xmlnsXlink="http://www.w3.org/1999/xlink"
        />
      </svg>
      <h4
        className="inactive-country"
      >
        Afghanistan
      </h4>
    </div>
    <div
      className="country-name"
      onClick={[Function]}
      role="button"
      style=""
      tabIndex={0}
      title="Haiti"
    >
      <svg
        className="icon"
        height="25px"
        width="25px"
      >
        <use
          xlinkHref="/static/flags.svg#HT"
          xmlnsXlink="http://www.w3.org/1999/xlink"
        />
      </svg>
      <h4
        className="inactive-country"
      >
        Haiti
      </h4>
    </div>
    <div
      className="country-name"
      onClick={[Function]}
      role="button"
      style=""
      tabIndex={0}
      title="Malta"
    >
      <svg
        className="icon"
        height="25px"
        width="25px"
      >
        <use
          xlinkHref="/static/flags.svg#MT"
          xmlnsXlink="http://www.w3.org/1999/xlink"
        />
      </svg>
      <h4
        className="inactive-country"
      >
        Malta
      </h4>
    </div>
    <div
      className="country-name"
      onClick={[Function]}
      role="button"
      style=""
      tabIndex={0}
      title="Macedonia"
    >
      <svg
        className="icon"
        height="25px"
        width="25px"
      >
        <use
          xlinkHref="/static/flags.svg#MK"
          xmlnsXlink="http://www.w3.org/1999/xlink"
        />
      </svg>
      <h4
        className="inactive-country"
      >
        Macedonia
      </h4>
    </div>
    <div
      className="country-name"
      onClick={[Function]}
      role="button"
      style=""
      tabIndex={0}
      title="Nauru"
    >
      <svg
        className="icon"
        height="25px"
        width="25px"
      >
        <use
          xlinkHref="/static/flags.svg#NR"
          xmlnsXlink="http://www.w3.org/1999/xlink"
        />
      </svg>
      <h4
        className="inactive-country"
      >
        Nauru
      </h4>
    </div>
    <div
      className="country-name"
      onClick={[Function]}
      role="button"
      style=""
      tabIndex={0}
      title="Bosnia and Herzegovina"
    >
      <svg
        className="icon"
        height="25px"
        width="25px"
      >
        <use
          xlinkHref="/static/flags.svg#BA"
          xmlnsXlink="http://www.w3.org/1999/xlink"
        />
      </svg>
      <h4
        className="inactive-country"
      >
        Bosnia and Herzegovina
      </h4>
    </div>
    <div
      className="country-name"
      onClick={[Function]}
      role="button"
      style=""
      tabIndex={0}
      title="Paraguay"
    >
      <svg
        className="icon"
        height="25px"
        width="25px"
      >
        <use
          xlinkHref="/static/flags.svg#PY"
          xmlnsXlink="http://www.w3.org/1999/xlink"
        />
      </svg>
      <h4
        className="inactive-country"
      >
        Paraguay
      </h4>
    </div>
    <div
      className="country-name"
      onClick={[Function]}
      role="button"
      style=""
      tabIndex={0}
      title="Lesotho"
    >
      <svg
        className="icon"
        height="25px"
        width="25px"
      >
        <use
          xlinkHref="/static/flags.svg#LS"
          xmlnsXlink="http://www.w3.org/1999/xlink"
        />
      </svg>
      <h4
        className="inactive-country"
      >
        Lesotho
      </h4>
    </div>
    <div
      className="country-name"
      onClick={[Function]}
      role="button"
      style=""
      tabIndex={0}
      title="Luxembourg"
    >
      <svg
        className="icon"
        height="25px"
        width="25px"
      >
        <use
          xlinkHref="/static/flags.svg#LU"
          xmlnsXlink="http://www.w3.org/1999/xlink"
        />
      </svg>
      <h4
        className="inactive-country"
      >
        Luxembourg
      </h4>
    </div>
    <div
      className="country-name"
      onClick={[Function]}
      role="button"
      style=""
      tabIndex={0}
      title="Japan"
    >
      <svg
        className="icon"
        height="25px"
        width="25px"
      >
        <use
          xlinkHref="/static/flags.svg#JP"
          xmlnsXlink="http://www.w3.org/1999/xlink"
        />
      </svg>
      <h4
        className="inactive-country"
      >
        Japan
      </h4>
    </div>
    <div
      className="country-name"
      onClick={[Function]}
      role="button"
      style=""
      tabIndex={0}
      title="Ireland"
    >
      <svg
        className="icon"
        height="25px"
        width="25px"
      >
        <use
          xlinkHref="/static/flags.svg#IE"
          xmlnsXlink="http://www.w3.org/1999/xlink"
        />
      </svg>
      <h4
        className="inactive-country"
      >
        Ireland
      </h4>
    </div>
    <div
      className="country-name"
      onClick={[Function]}
      role="button"
      style=""
      tabIndex={0}
      title="Burkina Faso"
    >
      <svg
        className="icon"
        height="25px"
        width="25px"
      >
        <use
          xlinkHref="/static/flags.svg#BF"
          xmlnsXlink="http://www.w3.org/1999/xlink"
        />
      </svg>
      <h4
        className="inactive-country"
      >
        Burkina Faso
      </h4>
    </div>
    <div
      className="country-name"
      onClick={[Function]}
      role="button"
      style=""
      tabIndex={0}
      title="Bahamas"
    >
      <svg
        className="icon"
        height="25px"
        width="25px"
      >
        <use
          xlinkHref="/static/flags.svg#BS"
          xmlnsXlink="http://www.w3.org/1999/xlink"
        />
      </svg>
      <h4
        className="inactive-country"
      >
        Bahamas
      </h4>
    </div>
    <div
      className="country-name"
      onClick={[Function]}
      role="button"
      style=""
      tabIndex={0}
      title="Argentina"
    >
      <svg
        className="icon"
        height="25px"
        width="25px"
      >
        <use
          xlinkHref="/static/flags.svg#AR"
          xmlnsXlink="http://www.w3.org/1999/xlink"
        />
      </svg>
      <h4
        className="inactive-country"
      >
        Argentina
      </h4>
    </div>
    <div
      className="country-name"
      onClick={[Function]}
      role="button"
      style=""
      tabIndex={0}
      title="Gambia"
    >
      <svg
        className="icon"
        height="25px"
        width="25px"
      >
        <use
          xlinkHref="/static/flags.svg#GM"
          xmlnsXlink="http://www.w3.org/1999/xlink"
        />
      </svg>
      <h4
        className="inactive-country"
      >
        Gambia
      </h4>
    </div>
    <div
      className="country-name"
      onClick={[Function]}
      role="button"
      style=""
      tabIndex={0}
      title="Thailand"
    >
      <svg
        className="icon"
        height="25px"
        width="25px"
      >
        <use
          xlinkHref="/static/flags.svg#TH"
          xmlnsXlink="http://www.w3.org/1999/xlink"
        />
      </svg>
      <h4
        className="inactive-country"
      >
        Thailand
      </h4>
    </div>
    <div
      className="country-name"
      onClick={[Function]}
      role="button"
      style=""
      tabIndex={0}
      title="Gabon"
    >
      <svg
        className="icon"
        height="25px"
        width="25px"
      >
        <use
          xlinkHref="/static/flags.svg#GA"
          xmlnsXlink="http://www.w3.org/1999/xlink"
        />
      </svg>
      <h4
        className="inactive-country"
      >
        Gabon
      </h4>
    </div>
    <div
      className="country-name"
      onClick={[Function]}
      role="button"
      style=""
      tabIndex={0}
      title="Maldives"
    >
      <svg
        className="icon"
        height="25px"
        width="25px"
      >
        <use
          xlinkHref="/static/flags.svg#MV"
          xmlnsXlink="http://www.w3.org/1999/xlink"
        />
      </svg>
      <h4
        className="inactive-country"
      >
        Maldives
      </h4>
    </div>
    <div
      className="country-name"
      onClick={[Function]}
      role="button"
      style=""
      tabIndex={0}
      title="Kazakhstan"
    >
      <svg
        className="icon"
        height="25px"
        width="25px"
      >
        <use
          xlinkHref="/static/flags.svg#KZ"
          xmlnsXlink="http://www.w3.org/1999/xlink"
        />
      </svg>
      <h4
        className="inactive-country"
      >
        Kazakhstan
      </h4>
    </div>
    <div
      className="country-name"
      onClick={[Function]}
      role="button"
      style=""
      tabIndex={0}
      title="Chad"
    >
      <svg
        className="icon"
        height="25px"
        width="25px"
      >
        <use
          xlinkHref="/static/flags.svg#TD"
          xmlnsXlink="http://www.w3.org/1999/xlink"
        />
      </svg>
      <h4
        className="inactive-country"
      >
        Chad
      </h4>
    </div>
    <div
      className="country-name"
      onClick={[Function]}
      role="button"
      style=""
      tabIndex={0}
      title="Comoros"
    >
      <svg
        className="icon"
        height="25px"
        width="25px"
      >
        <use
          xlinkHref="/static/flags.svg#KM"
          xmlnsXlink="http://www.w3.org/1999/xlink"
        />
      </svg>
      <h4
        className="inactive-country"
      >
        Comoros
      </h4>
    </div>
    <div
      className="country-name"
      onClick={[Function]}
      role="button"
      style=""
      tabIndex={0}
      title="Czech Republic"
    >
      <svg
        className="icon"
        height="25px"
        width="25px"
      >
        <use
          xlinkHref="/static/flags.svg#CZ"
          xmlnsXlink="http://www.w3.org/1999/xlink"
        />
      </svg>
      <h4
        className="inactive-country"
      >
        Czech Republic
      </h4>
    </div>
    <div
      className="country-name"
      onClick={[Function]}
      role="button"
      style=""
      tabIndex={0}
      title="Kiribati"
    >
      <svg
        className="icon"
        height="25px"
        width="25px"
      >
        <use
          xlinkHref="/static/flags.svg#KI"
          xmlnsXlink="http://www.w3.org/1999/xlink"
        />
      </svg>
      <h4
        className="inactive-country"
      >
        Kiribati
      </h4>
    </div>
    <div
      className="country-name"
      onClick={[Function]}
      role="button"
      style=""
      tabIndex={0}
      title="Ethiopia"
    >
      <svg
        className="icon"
        height="25px"
        width="25px"
      >
        <use
          xlinkHref="/static/flags.svg#ET"
          xmlnsXlink="http://www.w3.org/1999/xlink"
        />
      </svg>
      <h4
        className="inactive-country"
      >
        Ethiopia
      </h4>
    </div>
    <div
      className="country-name"
      onClick={[Function]}
      role="button"
      style=""
      tabIndex={0}
      title="Guyana"
    >
      <svg
        className="icon"
        height="25px"
        width="25px"
      >
        <use
          xlinkHref="/static/flags.svg#GY"
          xmlnsXlink="http://www.w3.org/1999/xlink"
        />
      </svg>
      <h4
        className="inactive-country"
      >
        Guyana
      </h4>
    </div>
    <div
      className="country-name"
      onClick={[Function]}
      role="button"
      style=""
      tabIndex={0}
      title="Andorra"
    >
      <svg
        className="icon"
        height="25px"
        width="25px"
      >
        <use
          xlinkHref="/static/flags.svg#AD"
          xmlnsXlink="http://www.w3.org/1999/xlink"
        />
      </svg>
      <h4
        className="inactive-country"
      >
        Andorra
      </h4>
    </div>
    <div
      className="country-name"
      onClick={[Function]}
      role="button"
      style=""
      tabIndex={0}
      title="Spain"
    >
      <svg
        className="icon"
        height="25px"
        width="25px"
      >
        <use
          xlinkHref="/static/flags.svg#ES"
          xmlnsXlink="http://www.w3.org/1999/xlink"
        />
      </svg>
      <h4
        className="inactive-country"
      >
        Spain
      </h4>
    </div>
    <div
      className="country-name"
      onClick={[Function]}
      role="button"
      style=""
      tabIndex={0}
      title="Lithuania"
    >
      <svg
        className="icon"
        height="25px"
        width="25px"
      >
        <use
          xlinkHref="/static/flags.svg#LT"
          xmlnsXlink="http://www.w3.org/1999/xlink"
        />
      </svg>
      <h4
        className="inactive-country"
      >
        Lithuania
      </h4>
    </div>
    <div
      className="country-name"
      onClick={[Function]}
      role="button"
      style=""
      tabIndex={0}
      title="Senegal"
    >
      <svg
        className="icon"
        height="25px"
        width="25px"
      >
        <use
          xlinkHref="/static/flags.svg#SN"
          xmlnsXlink="http://www.w3.org/1999/xlink"
        />
      </svg>
      <h4
        className="inactive-country"
      >
        Senegal
      </h4>
    </div>
    <div
      className="country-name"
      onClick={[Function]}
      role="button"
      style=""
      tabIndex={0}
      title="Botswana"
    >
      <svg
        className="icon"
        height="25px"
        width="25px"
      >
        <use
          xlinkHref="/static/flags.svg#BW"
          xmlnsXlink="http://www.w3.org/1999/xlink"
        />
      </svg>
      <h4
        className="inactive-country"
      >
        Botswana
      </h4>
    </div>
    <div
      className="country-name"
      onClick={[Function]}
      role="button"
      style=""
      tabIndex={0}
      title="Poland"
    >
      <svg
        className="icon"
        height="25px"
        width="25px"
      >
        <use
          xlinkHref="/static/flags.svg#PL"
          xmlnsXlink="http://www.w3.org/1999/xlink"
        />
      </svg>
      <h4
        className="inactive-country"
      >
        Poland
      </h4>
    </div>
    <div
      className="country-name"
      onClick={[Function]}
      role="button"
      style=""
      tabIndex={0}
      title="Grenada"
    >
      <svg
        className="icon"
        height="25px"
        width="25px"
      >
        <use
          xlinkHref="/static/flags.svg#GD"
          xmlnsXlink="http://www.w3.org/1999/xlink"
        />
      </svg>
      <h4
        className="inactive-country"
      >
        Grenada
      </h4>
    </div>
    <div
      className="country-name"
      onClick={[Function]}
      role="button"
      style=""
      tabIndex={0}
      title="Angola"
    >
      <svg
        className="icon"
        height="25px"
        width="25px"
      >
        <use
          xlinkHref="/static/flags.svg#AO"
          xmlnsXlink="http://www.w3.org/1999/xlink"
        />
      </svg>
      <h4
        className="inactive-country"
      >
        Angola
      </h4>
    </div>
    <div
      className="country-name"
      onClick={[Function]}
      role="button"
      style=""
      tabIndex={0}
      title="Liberia"
    >
      <svg
        className="icon"
        height="25px"
        width="25px"
      >
        <use
          xlinkHref="/static/flags.svg#LR"
          xmlnsXlink="http://www.w3.org/1999/xlink"
        />
      </svg>
      <h4
        className="inactive-country"
      >
        Liberia
      </h4>
    </div>
    <div
      className="country-name"
      onClick={[Function]}
      role="button"
      style=""
      tabIndex={0}
      title="Yemen"
    >
      <svg
        className="icon"
        height="25px"
        width="25px"
      >
        <use
          xlinkHref="/static/flags.svg#YE"
          xmlnsXlink="http://www.w3.org/1999/xlink"
        />
      </svg>
      <h4
        className="inactive-country"
      >
        Yemen
      </h4>
    </div>
    <div
      className="country-name"
      onClick={[Function]}
      role="button"
      style=""
      tabIndex={0}
      title="Belize"
    >
      <svg
        className="icon"
        height="25px"
        width="25px"
      >
        <use
          xlinkHref="/static/flags.svg#BZ"
          xmlnsXlink="http://www.w3.org/1999/xlink"
        />
      </svg>
      <h4
        className="inactive-country"
      >
        Belize
      </h4>
    </div>
    <div
      className="country-name"
      onClick={[Function]}
      role="button"
      style=""
      tabIndex={0}
      title="Nicaragua"
    >
      <svg
        className="icon"
        height="25px"
        width="25px"
      >
        <use
          xlinkHref="/static/flags.svg#NI"
          xmlnsXlink="http://www.w3.org/1999/xlink"
        />
      </svg>
      <h4
        className="inactive-country"
      >
        Nicaragua
      </h4>
    </div>
    <div
      className="country-name"
      onClick={[Function]}
      role="button"
      style=""
      tabIndex={0}
      title="Croatia"
    >
      <svg
        className="icon"
        height="25px"
        width="25px"
      >
        <use
          xlinkHref="/static/flags.svg#HR"
          xmlnsXlink="http://www.w3.org/1999/xlink"
        />
      </svg>
      <h4
        className="inactive-country"
      >
        Croatia
      </h4>
    </div>
    <div
      className="country-name"
      onClick={[Function]}
      role="button"
      style=""
      tabIndex={0}
      title="Oman"
    >
      <svg
        className="icon"
        height="25px"
        width="25px"
      >
        <use
          xlinkHref="/static/flags.svg#OM"
          xmlnsXlink="http://www.w3.org/1999/xlink"
        />
      </svg>
      <h4
        className="inactive-country"
      >
        Oman
      </h4>
    </div>
    <div
      className="country-name"
      onClick={[Function]}
      role="button"
      style=""
      tabIndex={0}
      title="Mauritius"
    >
      <svg
        className="icon"
        height="25px"
        width="25px"
      >
        <use
          xlinkHref="/static/flags.svg#MU"
          xmlnsXlink="http://www.w3.org/1999/xlink"
        />
      </svg>
      <h4
        className="inactive-country"
      >
        Mauritius
      </h4>
    </div>
    <div
      className="country-name"
      onClick={[Function]}
      role="button"
      style=""
      tabIndex={0}
      title="Namibia"
    >
      <svg
        className="icon"
        height="25px"
        width="25px"
      >
        <use
          xlinkHref="/static/flags.svg#NA"
          xmlnsXlink="http://www.w3.org/1999/xlink"
        />
      </svg>
      <h4
        className="inactive-country"
      >
        Namibia
      </h4>
    </div>
    <div
      className="country-name"
      onClick={[Function]}
      role="button"
      style=""
      tabIndex={0}
      title="ANY"
    >
      <svg
        className="icon"
        height="25px"
        width="25px"
      >
        <use
          xlinkHref="/static/flags.svg#ANY"
          xmlnsXlink="http://www.w3.org/1999/xlink"
        />
      </svg>
      <h4
        className="active-language-name"
      >
        ANY
      </h4>
    </div>
    <div
      className="country-name"
      onClick={[Function]}
      role="button"
      style=""
      tabIndex={0}
      title="Sweden"
    >
      <svg
        className="icon"
        height="25px"
        width="25px"
      >
        <use
          xlinkHref="/static/flags.svg#SE"
          xmlnsXlink="http://www.w3.org/1999/xlink"
        />
      </svg>
      <h4
        className="inactive-country"
      >
        Sweden
      </h4>
    </div>
    <div
      className="country-name"
      onClick={[Function]}
      role="button"
      style=""
      tabIndex={0}
      title="Honduras"
    >
      <svg
        className="icon"
        height="25px"
        width="25px"
      >
        <use
          xlinkHref="/static/flags.svg#HN"
          xmlnsXlink="http://www.w3.org/1999/xlink"
        />
      </svg>
      <h4
        className="inactive-country"
      >
        Honduras
      </h4>
    </div>
    <div
      className="country-name"
      onClick={[Function]}
      role="button"
      style=""
      tabIndex={0}
      title="Madagascar"
    >
      <svg
        className="icon"
        height="25px"
        width="25px"
      >
        <use
          xlinkHref="/static/flags.svg#MG"
          xmlnsXlink="http://www.w3.org/1999/xlink"
        />
      </svg>
      <h4
        className="inactive-country"
      >
        Madagascar
      </h4>
    </div>
    <div
      className="country-name"
      onClick={[Function]}
      role="button"
      style=""
      tabIndex={0}
      title="Brazil"
    >
      <svg
        className="icon"
        height="25px"
        width="25px"
      >
        <use
          xlinkHref="/static/flags.svg#BR"
          xmlnsXlink="http://www.w3.org/1999/xlink"
        />
      </svg>
      <h4
        className="inactive-country"
      >
        Brazil
      </h4>
    </div>
    <div
      className="country-name"
      onClick={[Function]}
      role="button"
      style=""
      tabIndex={0}
      title="Libya"
    >
      <svg
        className="icon"
        height="25px"
        width="25px"
      >
        <use
          xlinkHref="/static/flags.svg#LY"
          xmlnsXlink="http://www.w3.org/1999/xlink"
        />
      </svg>
      <h4
        className="inactive-country"
      >
        Libya
      </h4>
    </div>
    <div
      className="country-name"
      onClick={[Function]}
      role="button"
      style=""
      tabIndex={0}
      title="South Africa"
    >
      <svg
        className="icon"
        height="25px"
        width="25px"
      >
        <use
          xlinkHref="/static/flags.svg#ZA"
          xmlnsXlink="http://www.w3.org/1999/xlink"
        />
      </svg>
      <h4
        className="inactive-country"
      >
        South Africa
      </h4>
    </div>
    <div
      className="country-name"
      onClick={[Function]}
      role="button"
      style=""
      tabIndex={0}
      title="Greece"
    >
      <svg
        className="icon"
        height="25px"
        width="25px"
      >
        <use
          xlinkHref="/static/flags.svg#GR"
          xmlnsXlink="http://www.w3.org/1999/xlink"
        />
      </svg>
      <h4
        className="inactive-country"
      >
        Greece
      </h4>
    </div>
    <div
      className="country-name"
      onClick={[Function]}
      role="button"
      style=""
      tabIndex={0}
      title="Tonga"
    >
      <svg
        className="icon"
        height="25px"
        width="25px"
      >
        <use
          xlinkHref="/static/flags.svg#TO"
          xmlnsXlink="http://www.w3.org/1999/xlink"
        />
      </svg>
      <h4
        className="inactive-country"
      >
        Tonga
      </h4>
    </div>
    <div
      className="country-name"
      onClick={[Function]}
      role="button"
      style=""
      tabIndex={0}
      title="Brunei"
    >
      <svg
        className="icon"
        height="25px"
        width="25px"
      >
        <use
          xlinkHref="/static/flags.svg#BN"
          xmlnsXlink="http://www.w3.org/1999/xlink"
        />
      </svg>
      <h4
        className="inactive-country"
      >
        Brunei
      </h4>
    </div>
    <div
      className="country-name"
      onClick={[Function]}
      role="button"
      style=""
      tabIndex={0}
      title="Guatemala"
    >
      <svg
        className="icon"
        height="25px"
        width="25px"
      >
        <use
          xlinkHref="/static/flags.svg#GT"
          xmlnsXlink="http://www.w3.org/1999/xlink"
        />
      </svg>
      <h4
        className="inactive-country"
      >
        Guatemala
      </h4>
    </div>
    <div
      className="country-name"
      onClick={[Function]}
      role="button"
      style=""
      tabIndex={0}
      title="Côte d’Ivoire"
    >
      <svg
        className="icon"
        height="25px"
        width="25px"
      >
        <use
          xlinkHref="/static/flags.svg#CI"
          xmlnsXlink="http://www.w3.org/1999/xlink"
        />
      </svg>
      <h4
        className="inactive-country"
      >
        Côte d’Ivoire
      </h4>
    </div>
    <div
      className="country-name"
      onClick={[Function]}
      role="button"
      style=""
      tabIndex={0}
      title="United Kingdom"
    >
      <svg
        className="icon"
        height="25px"
        width="25px"
      >
        <use
          xlinkHref="/static/flags.svg#GB"
          xmlnsXlink="http://www.w3.org/1999/xlink"
        />
      </svg>
      <h4
        className="inactive-country"
      >
        United Kingdom
      </h4>
    </div>
    <div
      className="country-name"
      onClick={[Function]}
      role="button"
      style=""
      tabIndex={0}
      title="Dominican Republic"
    >
      <svg
        className="icon"
        height="25px"
        width="25px"
      >
        <use
          xlinkHref="/static/flags.svg#DO"
          xmlnsXlink="http://www.w3.org/1999/xlink"
        />
      </svg>
      <h4
        className="inactive-country"
      >
        Dominican Republic
      </h4>
    </div>
    <div
      className="country-name"
      onClick={[Function]}
      role="button"
      style=""
      tabIndex={0}
      title="Turkey"
    >
      <svg
        className="icon"
        height="25px"
        width="25px"
      >
        <use
          xlinkHref="/static/flags.svg#TR"
          xmlnsXlink="http://www.w3.org/1999/xlink"
        />
      </svg>
      <h4
        className="inactive-country"
      >
        Turkey
      </h4>
    </div>
    <div
      className="country-name"
      onClick={[Function]}
      role="button"
      style=""
      tabIndex={0}
      title="Canada"
    >
      <svg
        className="icon"
        height="25px"
        width="25px"
      >
        <use
          xlinkHref="/static/flags.svg#CA"
          xmlnsXlink="http://www.w3.org/1999/xlink"
        />
      </svg>
      <h4
        className="inactive-country"
      >
        Canada
      </h4>
    </div>
    <div
      className="country-name"
      onClick={[Function]}
      role="button"
      style=""
      tabIndex={0}
      title="Greenland"
    >
      <svg
        className="icon"
        height="25px"
        width="25px"
      >
        <use
          xlinkHref="/static/flags.svg#GL"
          xmlnsXlink="http://www.w3.org/1999/xlink"
        />
      </svg>
      <h4
        className="inactive-country"
      >
        Greenland
      </h4>
    </div>
    <div
      className="country-name"
      onClick={[Function]}
      role="button"
      style=""
      tabIndex={0}
      title="Rwanda"
    >
      <svg
        className="icon"
        height="25px"
        width="25px"
      >
        <use
          xlinkHref="/static/flags.svg#RW"
          xmlnsXlink="http://www.w3.org/1999/xlink"
        />
      </svg>
      <h4
        className="inactive-country"
      >
        Rwanda
      </h4>
    </div>
    <div
      className="country-name"
      onClick={[Function]}
      role="button"
      style=""
      tabIndex={0}
      title="Sudan"
    >
      <svg
        className="icon"
        height="25px"
        width="25px"
      >
        <use
          xlinkHref="/static/flags.svg#SD"
          xmlnsXlink="http://www.w3.org/1999/xlink"
        />
      </svg>
      <h4
        className="inactive-country"
      >
        Sudan
      </h4>
    </div>
    <div
      className="country-name"
      onClick={[Function]}
      role="button"
      style=""
      tabIndex={0}
      title="Palau"
    >
      <svg
        className="icon"
        height="25px"
        width="25px"
      >
        <use
          xlinkHref="/static/flags.svg#PW"
          xmlnsXlink="http://www.w3.org/1999/xlink"
        />
      </svg>
      <h4
        className="inactive-country"
      >
        Palau
      </h4>
    </div>
    <div
      className="country-name"
      onClick={[Function]}
      role="button"
      style=""
      tabIndex={0}
      title="Latvia"
    >
      <svg
        className="icon"
        height="25px"
        width="25px"
      >
        <use
          xlinkHref="/static/flags.svg#LV"
          xmlnsXlink="http://www.w3.org/1999/xlink"
        />
      </svg>
      <h4
        className="inactive-country"
      >
        Latvia
      </h4>
    </div>
    <div
      className="country-name"
      onClick={[Function]}
      role="button"
      style=""
      tabIndex={0}
      title="Guinea"
    >
      <svg
        className="icon"
        height="25px"
        width="25px"
      >
        <use
          xlinkHref="/static/flags.svg#GN"
          xmlnsXlink="http://www.w3.org/1999/xlink"
        />
      </svg>
      <h4
        className="inactive-country"
      >
        Guinea
      </h4>
    </div>
    <div
      className="country-name"
      onClick={[Function]}
      role="button"
      style=""
      tabIndex={0}
      title="Tunisia"
    >
      <svg
        className="icon"
        height="25px"
        width="25px"
      >
        <use
          xlinkHref="/static/flags.svg#TN"
          xmlnsXlink="http://www.w3.org/1999/xlink"
        />
      </svg>
      <h4
        className="inactive-country"
      >
        Tunisia
      </h4>
    </div>
    <div
      className="country-name"
      onClick={[Function]}
      role="button"
      style=""
      tabIndex={0}
      title="Morocco"
    >
      <svg
        className="icon"
        height="25px"
        width="25px"
      >
        <use
          xlinkHref="/static/flags.svg#MA"
          xmlnsXlink="http://www.w3.org/1999/xlink"
        />
      </svg>
      <h4
        className="inactive-country"
      >
        Morocco
      </h4>
    </div>
    <div
      className="country-name"
      onClick={[Function]}
      role="button"
      style=""
      tabIndex={0}
      title="Mongolia"
    >
      <svg
        className="icon"
        height="25px"
        width="25px"
      >
        <use
          xlinkHref="/static/flags.svg#MN"
          xmlnsXlink="http://www.w3.org/1999/xlink"
        />
      </svg>
      <h4
        className="inactive-country"
      >
        Mongolia
      </h4>
    </div>
    <div
      className="country-name"
      onClick={[Function]}
      role="button"
      style=""
      tabIndex={0}
      title="Curacao"
    >
      <svg
        className="icon"
        height="25px"
        width="25px"
      >
        <use
          xlinkHref="/static/flags.svg#CW"
          xmlnsXlink="http://www.w3.org/1999/xlink"
        />
      </svg>
      <h4
        className="inactive-country"
      >
        Curacao
      </h4>
    </div>
    <div
      className="country-name"
      onClick={[Function]}
      role="button"
      style=""
      tabIndex={0}
      title="Netherlands"
    >
      <svg
        className="icon"
        height="25px"
        width="25px"
      >
        <use
          xlinkHref="/static/flags.svg#NL"
          xmlnsXlink="http://www.w3.org/1999/xlink"
        />
      </svg>
      <h4
        className="inactive-country"
      >
        Netherlands
      </h4>
    </div>
    <div
      className="country-name"
      onClick={[Function]}
      role="button"
      style=""
      tabIndex={0}
      title="Benin"
    >
      <svg
        className="icon"
        height="25px"
        width="25px"
      >
        <use
          xlinkHref="/static/flags.svg#BJ"
          xmlnsXlink="http://www.w3.org/1999/xlink"
        />
      </svg>
      <h4
        className="inactive-country"
      >
        Benin
      </h4>
    </div>
    <div
      className="country-name"
      onClick={[Function]}
      role="button"
      style=""
      tabIndex={0}
      title="Vanuatu"
    >
      <svg
        className="icon"
        height="25px"
        width="25px"
      >
        <use
          xlinkHref="/static/flags.svg#VU"
          xmlnsXlink="http://www.w3.org/1999/xlink"
        />
      </svg>
      <h4
        className="inactive-country"
      >
        Vanuatu
      </h4>
    </div>
    <div
      className="country-name"
      onClick={[Function]}
      role="button"
      style=""
      tabIndex={0}
      title="Montenegro"
    >
      <svg
        className="icon"
        height="25px"
        width="25px"
      >
        <use
          xlinkHref="/static/flags.svg#ME"
          xmlnsXlink="http://www.w3.org/1999/xlink"
        />
      </svg>
      <h4
        className="inactive-country"
      >
        Montenegro
      </h4>
    </div>
    <div
      className="country-name"
      onClick={[Function]}
      role="button"
      style=""
      tabIndex={0}
      title="Micronesia"
    >
      <svg
        className="icon"
        height="25px"
        width="25px"
      >
        <use
          xlinkHref="/static/flags.svg#FM"
          xmlnsXlink="http://www.w3.org/1999/xlink"
        />
      </svg>
      <h4
        className="inactive-country"
      >
        Micronesia
      </h4>
    </div>
    <div
      className="country-name"
      onClick={[Function]}
      role="button"
      style=""
      tabIndex={0}
      title="American Samoa"
    >
      <svg
        className="icon"
        height="25px"
        width="25px"
      >
        <use
          xlinkHref="/static/flags.svg#AS"
          xmlnsXlink="http://www.w3.org/1999/xlink"
        />
      </svg>
      <h4
        className="inactive-country"
      >
        American Samoa
      </h4>
    </div>
    <div
      className="country-name"
      onClick={[Function]}
      role="button"
      style=""
      tabIndex={0}
      title="Mali"
    >
      <svg
        className="icon"
        height="25px"
        width="25px"
      >
        <use
          xlinkHref="/static/flags.svg#ML"
          xmlnsXlink="http://www.w3.org/1999/xlink"
        />
      </svg>
      <h4
        className="inactive-country"
      >
        Mali
      </h4>
    </div>
    <div
      className="country-name"
      onClick={[Function]}
      role="button"
      style=""
      tabIndex={0}
      title="Nigeria"
    >
      <svg
        className="icon"
        height="25px"
        width="25px"
      >
        <use
          xlinkHref="/static/flags.svg#NG"
          xmlnsXlink="http://www.w3.org/1999/xlink"
        />
      </svg>
      <h4
        className="inactive-country"
      >
        Nigeria
      </h4>
    </div>
    <div
      className="country-name"
      onClick={[Function]}
      role="button"
      style=""
      tabIndex={0}
      title="Cameroon"
    >
      <svg
        className="icon"
        height="25px"
        width="25px"
      >
        <use
          xlinkHref="/static/flags.svg#CM"
          xmlnsXlink="http://www.w3.org/1999/xlink"
        />
      </svg>
      <h4
        className="inactive-country"
      >
        Cameroon
      </h4>
    </div>
    <div
      className="country-name"
      onClick={[Function]}
      role="button"
      style=""
      tabIndex={0}
      title="Bhutan"
    >
      <svg
        className="icon"
        height="25px"
        width="25px"
      >
        <use
          xlinkHref="/static/flags.svg#BT"
          xmlnsXlink="http://www.w3.org/1999/xlink"
        />
      </svg>
      <h4
        className="inactive-country"
      >
        Bhutan
      </h4>
    </div>
    <div
      className="country-name"
      onClick={[Function]}
      role="button"
      style=""
      tabIndex={0}
      title="Kyrgyzstan"
    >
      <svg
        className="icon"
        height="25px"
        width="25px"
      >
        <use
          xlinkHref="/static/flags.svg#KG"
          xmlnsXlink="http://www.w3.org/1999/xlink"
        />
      </svg>
      <h4
        className="inactive-country"
      >
        Kyrgyzstan
      </h4>
    </div>
    <div
      className="country-name"
      onClick={[Function]}
      role="button"
      style=""
      tabIndex={0}
      title="Azerbaijan"
    >
      <svg
        className="icon"
        height="25px"
        width="25px"
      >
        <use
          xlinkHref="/static/flags.svg#AZ"
          xmlnsXlink="http://www.w3.org/1999/xlink"
        />
      </svg>
      <h4
        className="inactive-country"
      >
        Azerbaijan
      </h4>
    </div>
    <div
      className="country-name"
      onClick={[Function]}
      role="button"
      style=""
      tabIndex={0}
      title="Saint Lucia"
    >
      <svg
        className="icon"
        height="25px"
        width="25px"
      >
        <use
          xlinkHref="/static/flags.svg#LC"
          xmlnsXlink="http://www.w3.org/1999/xlink"
        />
      </svg>
      <h4
        className="inactive-country"
      >
        Saint Lucia
      </h4>
    </div>
    <div
      className="country-name"
      onClick={[Function]}
      role="button"
      style=""
      tabIndex={0}
      title="Ghana"
    >
      <svg
        className="icon"
        height="25px"
        width="25px"
      >
        <use
          xlinkHref="/static/flags.svg#GH"
          xmlnsXlink="http://www.w3.org/1999/xlink"
        />
      </svg>
      <h4
        className="inactive-country"
      >
        Ghana
      </h4>
    </div>
    <div
      className="country-name"
      onClick={[Function]}
      role="button"
      style=""
      tabIndex={0}
      title="Zimbabwe"
    >
      <svg
        className="icon"
        height="25px"
        width="25px"
      >
        <use
          xlinkHref="/static/flags.svg#ZW"
          xmlnsXlink="http://www.w3.org/1999/xlink"
        />
      </svg>
      <h4
        className="inactive-country"
      >
        Zimbabwe
      </h4>
    </div>
    <div
      className="country-name"
      onClick={[Function]}
      role="button"
      style=""
      tabIndex={0}
      title="Central African Republic"
    >
      <svg
        className="icon"
        height="25px"
        width="25px"
      >
        <use
          xlinkHref="/static/flags.svg#CF"
          xmlnsXlink="http://www.w3.org/1999/xlink"
        />
      </svg>
      <h4
        className="inactive-country"
      >
        Central African Republic
      </h4>
    </div>
    <div
      className="country-name"
      onClick={[Function]}
      role="button"
      style=""
      tabIndex={0}
      title="Germany"
    >
      <svg
        className="icon"
        height="25px"
        width="25px"
      >
        <use
          xlinkHref="/static/flags.svg#DE"
          xmlnsXlink="http://www.w3.org/1999/xlink"
        />
      </svg>
      <h4
        className="inactive-country"
      >
        Germany
      </h4>
    </div>
    <div
      className="country-name"
      onClick={[Function]}
      role="button"
      style=""
      tabIndex={0}
      title="Uzbekistan"
    >
      <svg
        className="icon"
        height="25px"
        width="25px"
      >
        <use
          xlinkHref="/static/flags.svg#UZ"
          xmlnsXlink="http://www.w3.org/1999/xlink"
        />
      </svg>
      <h4
        className="inactive-country"
      >
        Uzbekistan
      </h4>
    </div>
    <div
      className="country-name"
      onClick={[Function]}
      role="button"
      style=""
      tabIndex={0}
      title="Zambia"
    >
      <svg
        className="icon"
        height="25px"
        width="25px"
      >
        <use
          xlinkHref="/static/flags.svg#ZM"
          xmlnsXlink="http://www.w3.org/1999/xlink"
        />
      </svg>
      <h4
        className="inactive-country"
      >
        Zambia
      </h4>
    </div>
    <div
      className="country-name"
      onClick={[Function]}
      role="button"
      style=""
      tabIndex={0}
      title="Somalia"
    >
      <svg
        className="icon"
        height="25px"
        width="25px"
      >
        <use
          xlinkHref="/static/flags.svg#SO"
          xmlnsXlink="http://www.w3.org/1999/xlink"
        />
      </svg>
      <h4
        className="inactive-country"
      >
        Somalia
      </h4>
    </div>
    <div
      className="country-name"
      onClick={[Function]}
      role="button"
      style=""
      tabIndex={0}
      title="Lebanon"
    >
      <svg
        className="icon"
        height="25px"
        width="25px"
      >
        <use
          xlinkHref="/static/flags.svg#LB"
          xmlnsXlink="http://www.w3.org/1999/xlink"
        />
      </svg>
      <h4
        className="inactive-country"
      >
        Lebanon
      </h4>
    </div>
    <div
      className="country-name"
      onClick={[Function]}
      role="button"
      style=""
      tabIndex={0}
      title="Palestine"
    >
      <svg
        className="icon"
        height="25px"
        width="25px"
      >
        <use
          xlinkHref="/static/flags.svg#PS"
          xmlnsXlink="http://www.w3.org/1999/xlink"
        />
      </svg>
      <h4
        className="inactive-country"
      >
        Palestine
      </h4>
    </div>
    <div
      className="country-name"
      onClick={[Function]}
      role="button"
      style=""
      tabIndex={0}
      title="Mexico"
    >
      <svg
        className="icon"
        height="25px"
        width="25px"
      >
        <use
          xlinkHref="/static/flags.svg#MX"
          xmlnsXlink="http://www.w3.org/1999/xlink"
        />
      </svg>
      <h4
        className="inactive-country"
      >
        Mexico
      </h4>
    </div>
    <div
      className="country-name"
      onClick={[Function]}
      role="button"
      style=""
      tabIndex={0}
      title="Democratic Republic of the Congo"
    >
      <svg
        className="icon"
        height="25px"
        width="25px"
      >
        <use
          xlinkHref="/static/flags.svg#CD"
          xmlnsXlink="http://www.w3.org/1999/xlink"
        />
      </svg>
      <h4
        className="inactive-country"
      >
        Democratic Republic of the Congo
      </h4>
    </div>
    <div
      className="country-name"
      onClick={[Function]}
      role="button"
      style=""
      tabIndex={0}
      title="Austria"
    >
      <svg
        className="icon"
        height="25px"
        width="25px"
      >
        <use
          xlinkHref="/static/flags.svg#AT"
          xmlnsXlink="http://www.w3.org/1999/xlink"
        />
      </svg>
      <h4
        className="inactive-country"
      >
        Austria
      </h4>
    </div>
    <div
      className="country-name"
      onClick={[Function]}
      role="button"
      style=""
      tabIndex={0}
      title="Qatar"
    >
      <svg
        className="icon"
        height="25px"
        width="25px"
      >
        <use
          xlinkHref="/static/flags.svg#QA"
          xmlnsXlink="http://www.w3.org/1999/xlink"
        />
      </svg>
      <h4
        className="inactive-country"
      >
        Qatar
      </h4>
    </div>
    <div
      className="country-name"
      onClick={[Function]}
      role="button"
      style=""
      tabIndex={0}
      title="Tuvalu"
    >
      <svg
        className="icon"
        height="25px"
        width="25px"
      >
        <use
          xlinkHref="/static/flags.svg#TV"
          xmlnsXlink="http://www.w3.org/1999/xlink"
        />
      </svg>
      <h4
        className="inactive-country"
      >
        Tuvalu
      </h4>
    </div>
    <div
      className="country-name"
      onClick={[Function]}
      role="button"
      style=""
      tabIndex={0}
      title="Romania"
    >
      <svg
        className="icon"
        height="25px"
        width="25px"
      >
        <use
          xlinkHref="/static/flags.svg#RO"
          xmlnsXlink="http://www.w3.org/1999/xlink"
        />
      </svg>
      <h4
        className="inactive-country"
      >
        Romania
      </h4>
    </div>
    <div
      className="country-name"
      onClick={[Function]}
      role="button"
      style=""
      tabIndex={0}
      title="Finland"
    >
      <svg
        className="icon"
        height="25px"
        width="25px"
      >
        <use
          xlinkHref="/static/flags.svg#FI"
          xmlnsXlink="http://www.w3.org/1999/xlink"
        />
      </svg>
      <h4
        className="inactive-country"
      >
        Finland
      </h4>
    </div>
    <div
      className="country-name"
      onClick={[Function]}
      role="button"
      style=""
      tabIndex={0}
      title="Barbados"
    >
      <svg
        className="icon"
        height="25px"
        width="25px"
      >
        <use
          xlinkHref="/static/flags.svg#BB"
          xmlnsXlink="http://www.w3.org/1999/xlink"
        />
      </svg>
      <h4
        className="inactive-country"
      >
        Barbados
      </h4>
    </div>
    <div
      className="country-name"
      onClick={[Function]}
      role="button"
      style=""
      tabIndex={0}
      title="Saint Kitts and Nevis"
    >
      <svg
        className="icon"
        height="25px"
        width="25px"
      >
        <use
          xlinkHref="/static/flags.svg#KN"
          xmlnsXlink="http://www.w3.org/1999/xlink"
        />
      </svg>
      <h4
        className="inactive-country"
      >
        Saint Kitts and Nevis
      </h4>
    </div>
    <div
      className="country-name"
      onClick={[Function]}
      role="button"
      style=""
      tabIndex={0}
      title="Republic of the Congo"
    >
      <svg
        className="icon"
        height="25px"
        width="25px"
      >
        <use
          xlinkHref="/static/flags.svg#CG"
          xmlnsXlink="http://www.w3.org/1999/xlink"
        />
      </svg>
      <h4
        className="inactive-country"
      >
        Republic of the Congo
      </h4>
    </div>
    <div
      className="country-name"
      onClick={[Function]}
      role="button"
      style=""
      tabIndex={0}
      title="Puerto Rico"
    >
      <svg
        className="icon"
        height="25px"
        width="25px"
      >
        <use
          xlinkHref="/static/flags.svg#PR"
          xmlnsXlink="http://www.w3.org/1999/xlink"
        />
      </svg>
      <h4
        className="inactive-country"
      >
        Puerto Rico
      </h4>
    </div>
    <div
      className="country-name"
      onClick={[Function]}
      role="button"
      style=""
      tabIndex={0}
      title="Cyprus"
    >
      <svg
        className="icon"
        height="25px"
        width="25px"
      >
        <use
          xlinkHref="/static/flags.svg#CY"
          xmlnsXlink="http://www.w3.org/1999/xlink"
        />
      </svg>
      <h4
        className="inactive-country"
      >
        Cyprus
      </h4>
    </div>
    <div
      className="country-name"
      onClick={[Function]}
      role="button"
      style=""
      tabIndex={0}
      title="Mozambique"
    >
      <svg
        className="icon"
        height="25px"
        width="25px"
      >
        <use
          xlinkHref="/static/flags.svg#MZ"
          xmlnsXlink="http://www.w3.org/1999/xlink"
        />
      </svg>
      <h4
        className="inactive-country"
      >
        Mozambique
      </h4>
    </div>
    <div
      className="country-name"
      onClick={[Function]}
      role="button"
      style=""
      tabIndex={0}
      title="Iceland"
    >
      <svg
        className="icon"
        height="25px"
        width="25px"
      >
        <use
          xlinkHref="/static/flags.svg#IS"
          xmlnsXlink="http://www.w3.org/1999/xlink"
        />
      </svg>
      <h4
        className="inactive-country"
      >
        Iceland
      </h4>
    </div>
    <div
      className="country-name"
      onClick={[Function]}
      role="button"
      style=""
      tabIndex={0}
      title="Eritrea"
    >
      <svg
        className="icon"
        height="25px"
        width="25px"
      >
        <use
          xlinkHref="/static/flags.svg#ER"
          xmlnsXlink="http://www.w3.org/1999/xlink"
        />
      </svg>
      <h4
        className="inactive-country"
      >
        Eritrea
      </h4>
    </div>
    <div
      className="country-name"
      onClick={[Function]}
      role="button"
      style=""
      tabIndex={0}
      title="Iran"
    >
      <svg
        className="icon"
        height="25px"
        width="25px"
      >
        <use
          xlinkHref="/static/flags.svg#IR"
          xmlnsXlink="http://www.w3.org/1999/xlink"
        />
      </svg>
      <h4
        className="inactive-country"
      >
        Iran
      </h4>
    </div>
    <div
      className="country-name"
      onClick={[Function]}
      role="button"
      style=""
      tabIndex={0}
      title="South Korea"
    >
      <svg
        className="icon"
        height="25px"
        width="25px"
      >
        <use
          xlinkHref="/static/flags.svg#KR"
          xmlnsXlink="http://www.w3.org/1999/xlink"
        />
      </svg>
      <h4
        className="inactive-country"
      >
        South Korea
      </h4>
    </div>
    <div
      className="country-name"
      onClick={[Function]}
      role="button"
      style=""
      tabIndex={0}
      title="India"
    >
      <svg
        className="icon"
        height="25px"
        width="25px"
      >
        <use
          xlinkHref="/static/flags.svg#IN"
          xmlnsXlink="http://www.w3.org/1999/xlink"
        />
      </svg>
      <h4
        className="inactive-country"
      >
        India
      </h4>
    </div>
    <div
      className="country-name"
      onClick={[Function]}
      role="button"
      style=""
      tabIndex={0}
      title="China"
    >
      <svg
        className="icon"
        height="25px"
        width="25px"
      >
        <use
          xlinkHref="/static/flags.svg#CN"
          xmlnsXlink="http://www.w3.org/1999/xlink"
        />
      </svg>
      <h4
        className="inactive-country"
      >
        China
      </h4>
    </div>
    <div
      className="country-name"
      onClick={[Function]}
      role="button"
      style=""
      tabIndex={0}
      title="Swaziland"
    >
      <svg
        className="icon"
        height="25px"
        width="25px"
      >
        <use
          xlinkHref="/static/flags.svg#SZ"
          xmlnsXlink="http://www.w3.org/1999/xlink"
        />
      </svg>
      <h4
        className="inactive-country"
      >
        Swaziland
      </h4>
    </div>
    <div
      className="country-name"
      onClick={[Function]}
      role="button"
      style=""
      tabIndex={0}
      title="Bulgaria"
    >
      <svg
        className="icon"
        height="25px"
        width="25px"
      >
        <use
          xlinkHref="/static/flags.svg#BG"
          xmlnsXlink="http://www.w3.org/1999/xlink"
        />
      </svg>
      <h4
        className="inactive-country"
      >
        Bulgaria
      </h4>
    </div>
    <div
      className="country-name"
      onClick={[Function]}
      role="button"
      style=""
      tabIndex={0}
      title="Panama"
    >
      <svg
        className="icon"
        height="25px"
        width="25px"
      >
        <use
          xlinkHref="/static/flags.svg#PA"
          xmlnsXlink="http://www.w3.org/1999/xlink"
        />
      </svg>
      <h4
        className="inactive-country"
      >
        Panama
      </h4>
    </div>
    <div
      className="country-name"
      onClick={[Function]}
      role="button"
      style=""
      tabIndex={0}
      title="Tajikistan"
    >
      <svg
        className="icon"
        height="25px"
        width="25px"
      >
        <use
          xlinkHref="/static/flags.svg#TJ"
          xmlnsXlink="http://www.w3.org/1999/xlink"
        />
      </svg>
      <h4
        className="inactive-country"
      >
        Tajikistan
      </h4>
    </div>
    <div
      className="country-name"
      onClick={[Function]}
      role="button"
      style=""
      tabIndex={0}
      title="Réunion"
    >
      <svg
        className="icon"
        height="25px"
        width="25px"
      >
        <use
          xlinkHref="/static/flags.svg#RE"
          xmlnsXlink="http://www.w3.org/1999/xlink"
        />
      </svg>
      <h4
        className="inactive-country"
      >
        Réunion
      </h4>
    </div>
    <div
      className="country-name"
      onClick={[Function]}
      role="button"
      style=""
      tabIndex={0}
      title="Belarus"
    >
      <svg
        className="icon"
        height="25px"
        width="25px"
      >
        <use
          xlinkHref="/static/flags.svg#BY"
          xmlnsXlink="http://www.w3.org/1999/xlink"
        />
      </svg>
      <h4
        className="inactive-country"
      >
        Belarus
      </h4>
    </div>
    <div
      className="country-name"
      onClick={[Function]}
      role="button"
      style=""
      tabIndex={0}
      title="Wallis and Futuna"
    >
      <svg
        className="icon"
        height="25px"
        width="25px"
      >
        <use
          xlinkHref="/static/flags.svg#WF"
          xmlnsXlink="http://www.w3.org/1999/xlink"
        />
      </svg>
      <h4
        className="inactive-country"
      >
        Wallis and Futuna
      </h4>
    </div>
    <div
      className="country-name"
      onClick={[Function]}
      role="button"
      style=""
      tabIndex={0}
      title="Peru"
    >
      <svg
        className="icon"
        height="25px"
        width="25px"
      >
        <use
          xlinkHref="/static/flags.svg#PE"
          xmlnsXlink="http://www.w3.org/1999/xlink"
        />
      </svg>
      <h4
        className="inactive-country"
      >
        Peru
      </h4>
    </div>
    <div
      className="country-name"
      onClick={[Function]}
      role="button"
      style=""
      tabIndex={0}
      title="Vietnam"
    >
      <svg
        className="icon"
        height="25px"
        width="25px"
      >
        <use
          xlinkHref="/static/flags.svg#VN"
          xmlnsXlink="http://www.w3.org/1999/xlink"
        />
      </svg>
      <h4
        className="inactive-country"
      >
        Vietnam
      </h4>
    </div>
    <div
      className="country-name"
      onClick={[Function]}
      role="button"
      style=""
      tabIndex={0}
      title="Liechtenstein"
    >
      <svg
        className="icon"
        height="25px"
        width="25px"
      >
        <use
          xlinkHref="/static/flags.svg#LI"
          xmlnsXlink="http://www.w3.org/1999/xlink"
        />
      </svg>
      <h4
        className="inactive-country"
      >
        Liechtenstein
      </h4>
    </div>
    <div
      className="country-name"
      onClick={[Function]}
      role="button"
      style=""
      tabIndex={0}
      title="Guinea-Bissau"
    >
      <svg
        className="icon"
        height="25px"
        width="25px"
      >
        <use
          xlinkHref="/static/flags.svg#GW"
          xmlnsXlink="http://www.w3.org/1999/xlink"
        />
      </svg>
      <h4
        className="inactive-country"
      >
        Guinea-Bissau
      </h4>
    </div>
    <div
      className="country-name"
      onClick={[Function]}
      role="button"
      style=""
      tabIndex={0}
      title="Laos"
    >
      <svg
        className="icon"
        height="25px"
        width="25px"
      >
        <use
          xlinkHref="/static/flags.svg#LA"
          xmlnsXlink="http://www.w3.org/1999/xlink"
        />
      </svg>
      <h4
        className="inactive-country"
      >
        Laos
      </h4>
    </div>
    <div
      className="country-name"
      onClick={[Function]}
      role="button"
      style=""
      tabIndex={0}
      title="Venezuela"
    >
      <svg
        className="icon"
        height="25px"
        width="25px"
      >
        <use
          xlinkHref="/static/flags.svg#VE"
          xmlnsXlink="http://www.w3.org/1999/xlink"
        />
      </svg>
      <h4
        className="inactive-country"
      >
        Venezuela
      </h4>
    </div>
    <div
      className="country-name"
      onClick={[Function]}
      role="button"
      style=""
      tabIndex={0}
      title="Sri Lanka"
    >
      <svg
        className="icon"
        height="25px"
        width="25px"
      >
        <use
          xlinkHref="/static/flags.svg#LK"
          xmlnsXlink="http://www.w3.org/1999/xlink"
        />
      </svg>
      <h4
        className="inactive-country"
      >
        Sri Lanka
      </h4>
    </div>
    <div
      className="country-name"
      onClick={[Function]}
      role="button"
      style=""
      tabIndex={0}
      title="Iraq"
    >
      <svg
        className="icon"
        height="25px"
        width="25px"
      >
        <use
          xlinkHref="/static/flags.svg#IQ"
          xmlnsXlink="http://www.w3.org/1999/xlink"
        />
      </svg>
      <h4
        className="inactive-country"
      >
        Iraq
      </h4>
    </div>
    <div
      className="country-name"
      onClick={[Function]}
      role="button"
      style=""
      tabIndex={0}
      title="Niger"
    >
      <svg
        className="icon"
        height="25px"
        width="25px"
      >
        <use
          xlinkHref="/static/flags.svg#NE"
          xmlnsXlink="http://www.w3.org/1999/xlink"
        />
      </svg>
      <h4
        className="inactive-country"
      >
        Niger
      </h4>
    </div>
    <div
      className="country-name"
      onClick={[Function]}
      role="button"
      style=""
      tabIndex={0}
      title="Denmark"
    >
      <svg
        className="icon"
        height="25px"
        width="25px"
      >
        <use
          xlinkHref="/static/flags.svg#DK"
          xmlnsXlink="http://www.w3.org/1999/xlink"
        />
      </svg>
      <h4
        className="inactive-country"
      >
        Denmark
      </h4>
    </div>
    <div
      className="country-name"
      onClick={[Function]}
      role="button"
      style=""
      tabIndex={0}
      title="Serbia"
    >
      <svg
        className="icon"
        height="25px"
        width="25px"
      >
        <use
          xlinkHref="/static/flags.svg#RS"
          xmlnsXlink="http://www.w3.org/1999/xlink"
        />
      </svg>
      <h4
        className="inactive-country"
      >
        Serbia
      </h4>
    </div>
    <div
      className="country-name"
      onClick={[Function]}
      role="button"
      style=""
      tabIndex={0}
      title="Equatorial Guinea"
    >
      <svg
        className="icon"
        height="25px"
        width="25px"
      >
        <use
          xlinkHref="/static/flags.svg#GQ"
          xmlnsXlink="http://www.w3.org/1999/xlink"
        />
      </svg>
      <h4
        className="inactive-country"
      >
        Equatorial Guinea
      </h4>
    </div>
    <div
      className="country-name"
      onClick={[Function]}
      role="button"
      style=""
      tabIndex={0}
      title="Djibouti"
    >
      <svg
        className="icon"
        height="25px"
        width="25px"
      >
        <use
          xlinkHref="/static/flags.svg#DJ"
          xmlnsXlink="http://www.w3.org/1999/xlink"
        />
      </svg>
      <h4
        className="inactive-country"
      >
        Djibouti
      </h4>
    </div>
    <div
      className="country-name"
      onClick={[Function]}
      role="button"
      style=""
      tabIndex={0}
      title="France"
    >
      <svg
        className="icon"
        height="25px"
        width="25px"
      >
        <use
          xlinkHref="/static/flags.svg#FR"
          xmlnsXlink="http://www.w3.org/1999/xlink"
        />
      </svg>
      <h4
        className="inactive-country"
      >
        France
      </h4>
    </div>
    <div
      className="country-name"
      onClick={[Function]}
      role="button"
      style=""
      tabIndex={0}
      title="Egypt"
    >
      <svg
        className="icon"
        height="25px"
        width="25px"
      >
        <use
          xlinkHref="/static/flags.svg#EG"
          xmlnsXlink="http://www.w3.org/1999/xlink"
        />
      </svg>
      <h4
        className="inactive-country"
      >
        Egypt
      </h4>
    </div>
    <div
      className="country-name"
      onClick={[Function]}
      role="button"
      style=""
      tabIndex={0}
      title="Russia"
    >
      <svg
        className="icon"
        height="25px"
        width="25px"
      >
        <use
          xlinkHref="/static/flags.svg#RU"
          xmlnsXlink="http://www.w3.org/1999/xlink"
        />
      </svg>
      <h4
        className="inactive-country"
      >
        Russia
      </h4>
    </div>
    <div
      className="country-name"
      onClick={[Function]}
      role="button"
      style=""
      tabIndex={0}
      title="Turkmenistan"
    >
      <svg
        className="icon"
        height="25px"
        width="25px"
      >
        <use
          xlinkHref="/static/flags.svg#TM"
          xmlnsXlink="http://www.w3.org/1999/xlink"
        />
      </svg>
      <h4
        className="inactive-country"
      >
        Turkmenistan
      </h4>
    </div>
    <div
      className="country-name"
      onClick={[Function]}
      role="button"
      style=""
      tabIndex={0}
      title="Mayotte"
    >
      <svg
        className="icon"
        height="25px"
        width="25px"
      >
        <use
          xlinkHref="/static/flags.svg#YT"
          xmlnsXlink="http://www.w3.org/1999/xlink"
        />
      </svg>
      <h4
        className="inactive-country"
      >
        Mayotte
      </h4>
    </div>
    <div
      className="country-name"
      onClick={[Function]}
      role="button"
      style=""
      tabIndex={0}
      title="Ukraine"
    >
      <svg
        className="icon"
        height="25px"
        width="25px"
      >
        <use
          xlinkHref="/static/flags.svg#UA"
          xmlnsXlink="http://www.w3.org/1999/xlink"
        />
      </svg>
      <h4
        className="inactive-country"
      >
        Ukraine
      </h4>
    </div>
    <div
      className="country-name"
      onClick={[Function]}
      role="button"
      style=""
      tabIndex={0}
      title="Vatican City"
    >
      <svg
        className="icon"
        height="25px"
        width="25px"
      >
        <use
          xlinkHref="/static/flags.svg#VA"
          xmlnsXlink="http://www.w3.org/1999/xlink"
        />
      </svg>
      <h4
        className="inactive-country"
      >
        Vatican City
      </h4>
    </div>
    <div
      className="country-name"
      onClick={[Function]}
      role="button"
      style=""
      tabIndex={0}
      title="Malawi"
    >
      <svg
        className="icon"
        height="25px"
        width="25px"
      >
        <use
          xlinkHref="/static/flags.svg#MW"
          xmlnsXlink="http://www.w3.org/1999/xlink"
        />
      </svg>
      <h4
        className="inactive-country"
      >
        Malawi
      </h4>
    </div>
    <div
      className="country-name"
      onClick={[Function]}
      role="button"
      style=""
      tabIndex={0}
      title="Malaysia"
    >
      <svg
        className="icon"
        height="25px"
        width="25px"
      >
        <use
          xlinkHref="/static/flags.svg#MY"
          xmlnsXlink="http://www.w3.org/1999/xlink"
        />
      </svg>
      <h4
        className="inactive-country"
      >
        Malaysia
      </h4>
    </div>
    <div
      className="country-name"
      onClick={[Function]}
      role="button"
      style=""
      tabIndex={0}
      title="Kenya"
    >
      <svg
        className="icon"
        height="25px"
        width="25px"
      >
        <use
          xlinkHref="/static/flags.svg#KE"
          xmlnsXlink="http://www.w3.org/1999/xlink"
        />
      </svg>
      <h4
        className="inactive-country"
      >
        Kenya
      </h4>
    </div>
    <div
      className="country-name"
      onClick={[Function]}
      role="button"
      style=""
      tabIndex={0}
      title="Colombia"
    >
      <svg
        className="icon"
        height="25px"
        width="25px"
      >
        <use
          xlinkHref="/static/flags.svg#CO"
          xmlnsXlink="http://www.w3.org/1999/xlink"
        />
      </svg>
      <h4
        className="inactive-country"
      >
        Colombia
      </h4>
    </div>
    <div
      className="country-name"
      onClick={[Function]}
      role="button"
      style=""
      tabIndex={0}
      title="Jamaica"
    >
      <svg
        className="icon"
        height="25px"
        width="25px"
      >
        <use
          xlinkHref="/static/flags.svg#JM"
          xmlnsXlink="http://www.w3.org/1999/xlink"
        />
      </svg>
      <h4
        className="inactive-country"
      >
        Jamaica
      </h4>
    </div>
    <div
      className="country-name"
      onClick={[Function]}
      role="button"
      style=""
      tabIndex={0}
      title="South Sudan"
    >
      <svg
        className="icon"
        height="25px"
        width="25px"
      >
        <use
          xlinkHref="/static/flags.svg#SS"
          xmlnsXlink="http://www.w3.org/1999/xlink"
        />
      </svg>
      <h4
        className="inactive-country"
      >
        South Sudan
      </h4>
    </div>
    <div
      className="country-name"
      onClick={[Function]}
      role="button"
      style=""
      tabIndex={0}
      title="Uganda"
    >
      <svg
        className="icon"
        height="25px"
        width="25px"
      >
        <use
          xlinkHref="/static/flags.svg#UG"
          xmlnsXlink="http://www.w3.org/1999/xlink"
        />
      </svg>
      <h4
        className="inactive-country"
      >
        Uganda
      </h4>
    </div>
    <div
      className="country-name"
      onClick={[Function]}
      role="button"
      style=""
      tabIndex={0}
      title="Albania"
    >
      <svg
        className="icon"
        height="25px"
        width="25px"
      >
        <use
          xlinkHref="/static/flags.svg#AL"
          xmlnsXlink="http://www.w3.org/1999/xlink"
        />
      </svg>
      <h4
        className="inactive-country"
      >
        Albania
      </h4>
    </div>
    <div
      className="country-name"
      onClick={[Function]}
      role="button"
      style=""
      tabIndex={0}
      title="Chile"
    >
      <svg
        className="icon"
        height="25px"
        width="25px"
      >
        <use
          xlinkHref="/static/flags.svg#CL"
          xmlnsXlink="http://www.w3.org/1999/xlink"
        />
      </svg>
      <h4
        className="inactive-country"
      >
        Chile
      </h4>
    </div>
    <div
      className="country-name"
      onClick={[Function]}
      role="button"
      style=""
      tabIndex={0}
      title="Ecuador"
    >
      <svg
        className="icon"
        height="25px"
        width="25px"
      >
        <use
          xlinkHref="/static/flags.svg#EC"
          xmlnsXlink="http://www.w3.org/1999/xlink"
        />
      </svg>
      <h4
        className="inactive-country"
      >
        Ecuador
      </h4>
    </div>
    <div
      className="country-name"
      onClick={[Function]}
      role="button"
      style=""
      tabIndex={0}
      title="Estonia"
    >
      <svg
        className="icon"
        height="25px"
        width="25px"
      >
        <use
          xlinkHref="/static/flags.svg#EE"
          xmlnsXlink="http://www.w3.org/1999/xlink"
        />
      </svg>
      <h4
        className="inactive-country"
      >
        Estonia
      </h4>
    </div>
    <div
      className="country-name"
      onClick={[Function]}
      role="button"
      style=""
      tabIndex={0}
      title="Pakistan"
    >
      <svg
        className="icon"
        height="25px"
        width="25px"
      >
        <use
          xlinkHref="/static/flags.svg#PK"
          xmlnsXlink="http://www.w3.org/1999/xlink"
        />
      </svg>
      <h4
        className="inactive-country"
      >
        Pakistan
      </h4>
    </div>
    <div
      className="country-name"
      onClick={[Function]}
      role="button"
      style=""
      tabIndex={0}
      title="Bahrain"
    >
      <svg
        className="icon"
        height="25px"
        width="25px"
      >
        <use
          xlinkHref="/static/flags.svg#BH"
          xmlnsXlink="http://www.w3.org/1999/xlink"
        />
      </svg>
      <h4
        className="inactive-country"
      >
        Bahrain
      </h4>
    </div>
    <div
      className="country-name"
      onClick={[Function]}
      role="button"
      style=""
      tabIndex={0}
      title="Armenia"
    >
      <svg
        className="icon"
        height="25px"
        width="25px"
      >
        <use
          xlinkHref="/static/flags.svg#AM"
          xmlnsXlink="http://www.w3.org/1999/xlink"
        />
      </svg>
      <h4
        className="inactive-country"
      >
        Armenia
      </h4>
    </div>
    <div
      className="country-name"
      onClick={[Function]}
      role="button"
      style=""
      tabIndex={0}
      title="Burundi"
    >
      <svg
        className="icon"
        height="25px"
        width="25px"
      >
        <use
          xlinkHref="/static/flags.svg#BI"
          xmlnsXlink="http://www.w3.org/1999/xlink"
        />
      </svg>
      <h4
        className="inactive-country"
      >
        Burundi
      </h4>
    </div>
    <div
      className="country-name"
      onClick={[Function]}
      role="button"
      style=""
      tabIndex={0}
      title="Georgia"
    >
      <svg
        className="icon"
        height="25px"
        width="25px"
      >
        <use
          xlinkHref="/static/flags.svg#GE"
          xmlnsXlink="http://www.w3.org/1999/xlink"
        />
      </svg>
      <h4
        className="inactive-country"
      >
        Georgia
      </h4>
    </div>
    <div
      className="country-name"
      onClick={[Function]}
      role="button"
      style=""
      tabIndex={0}
      title="Saudi Arabia"
    >
      <svg
        className="icon"
        height="25px"
        width="25px"
      >
        <use
          xlinkHref="/static/flags.svg#SA"
          xmlnsXlink="http://www.w3.org/1999/xlink"
        />
      </svg>
      <h4
        className="inactive-country"
      >
        Saudi Arabia
      </h4>
    </div>
    <div
      className="country-name"
      onClick={[Function]}
      role="button"
      style=""
      tabIndex={0}
      title="Portugal"
    >
      <svg
        className="icon"
        height="25px"
        width="25px"
      >
        <use
          xlinkHref="/static/flags.svg#PT"
          xmlnsXlink="http://www.w3.org/1999/xlink"
        />
      </svg>
      <h4
        className="inactive-country"
      >
        Portugal
      </h4>
    </div>
    <div
      className="country-name"
      onClick={[Function]}
      role="button"
      style=""
      tabIndex={0}
      title="Tanzania"
    >
      <svg
        className="icon"
        height="25px"
        width="25px"
      >
        <use
          xlinkHref="/static/flags.svg#TZ"
          xmlnsXlink="http://www.w3.org/1999/xlink"
        />
      </svg>
      <h4
        className="inactive-country"
      >
        Tanzania
      </h4>
    </div>
    <div
      className="country-name"
      onClick={[Function]}
      role="button"
      style=""
      tabIndex={0}
      title="Norway"
    >
      <svg
        className="icon"
        height="25px"
        width="25px"
      >
        <use
          xlinkHref="/static/flags.svg#NO"
          xmlnsXlink="http://www.w3.org/1999/xlink"
        />
      </svg>
      <h4
        className="inactive-country"
      >
        Norway
      </h4>
    </div>
    <div
      className="country-name"
      onClick={[Function]}
      role="button"
      style=""
      tabIndex={0}
      title="Uruguay"
    >
      <svg
        className="icon"
        height="25px"
        width="25px"
      >
        <use
          xlinkHref="/static/flags.svg#UY"
          xmlnsXlink="http://www.w3.org/1999/xlink"
        />
      </svg>
      <h4
        className="inactive-country"
      >
        Uruguay
      </h4>
    </div>
    <div
      className="country-name"
      onClick={[Function]}
      role="button"
      style=""
      tabIndex={0}
      title="Kuwait"
    >
      <svg
        className="icon"
        height="25px"
        width="25px"
      >
        <use
          xlinkHref="/static/flags.svg#KW"
          xmlnsXlink="http://www.w3.org/1999/xlink"
        />
      </svg>
      <h4
        className="inactive-country"
      >
        Kuwait
      </h4>
    </div>
    <div
      className="country-name"
      onClick={[Function]}
      role="button"
      style=""
      tabIndex={0}
      title="Sierra Leone"
    >
      <svg
        className="icon"
        height="25px"
        width="25px"
      >
        <use
          xlinkHref="/static/flags.svg#SL"
          xmlnsXlink="http://www.w3.org/1999/xlink"
        />
      </svg>
      <h4
        className="inactive-country"
      >
        Sierra Leone
      </h4>
    </div>
    <div
      className="country-name"
      onClick={[Function]}
      role="button"
      style=""
      tabIndex={0}
      title="United States"
    >
      <svg
        className="icon"
        height="25px"
        width="25px"
      >
        <use
          xlinkHref="/static/flags.svg#US"
          xmlnsXlink="http://www.w3.org/1999/xlink"
        />
      </svg>
      <h4
        className="inactive-country"
      >
        United States
      </h4>
    </div>
    <div
      className="country-name"
      onClick={[Function]}
      role="button"
      style=""
      tabIndex={0}
      title="French Guiana"
    >
      <svg
        className="icon"
        height="25px"
        width="25px"
      >
        <use
          xlinkHref="/static/flags.svg#GF"
          xmlnsXlink="http://www.w3.org/1999/xlink"
        />
      </svg>
      <h4
        className="inactive-country"
      >
        French Guiana
      </h4>
    </div>
  </div>
</div>
`;

exports[`CountryList component should match snapshot of active list with an applied filter 1`] = `
<div
  className="text-selection-section"
>
  <div
    className="country-name-list"
    onMouseDown={[Function]}
    onMouseLeave={[Function]}
    onMouseUp={[Function]}
    onTouchEnd={[Function]}
    onTouchMove={[Function]}
    onTouchStart={[Function]}
  >
    <div
      className="pull-down-refresh"
      style={
        Object {
          "height": 0,
          "maxHeight": 0,
        }
      }
    >
      <span
        style={
          Object {
            "textAlign": "center",
            "width": "100%",
          }
        }
      >
        Pull to Refresh
      </span>
    </div>
    <div
      className="country-name"
      onClick={[Function]}
      role="button"
      style=""
      tabIndex={0}
      title="United Arab Emirates"
    >
      <svg
        className="icon"
        height="25px"
        width="25px"
      >
        <use
          xlinkHref="/static/flags.svg#AE"
          xmlnsXlink="http://www.w3.org/1999/xlink"
        />
      </svg>
      <h4
        className="inactive-country"
      >
        United Arab Emirates
      </h4>
    </div>
    <div
      className="country-name"
      onClick={[Function]}
      role="button"
      style=""
      tabIndex={0}
      title="United Kingdom"
    >
      <svg
        className="icon"
        height="25px"
        width="25px"
      >
        <use
          xlinkHref="/static/flags.svg#GB"
          xmlnsXlink="http://www.w3.org/1999/xlink"
        />
      </svg>
      <h4
        className="inactive-country"
      >
        United Kingdom
      </h4>
    </div>
    <div
      className="country-name"
      onClick={[Function]}
      role="button"
      style=""
      tabIndex={0}
      title="Tunisia"
    >
      <svg
        className="icon"
        height="25px"
        width="25px"
      >
        <use
          xlinkHref="/static/flags.svg#TN"
          xmlnsXlink="http://www.w3.org/1999/xlink"
        />
      </svg>
      <h4
        className="inactive-country"
      >
        Tunisia
      </h4>
    </div>
    <div
      className="country-name"
      onClick={[Function]}
      role="button"
      style=""
      tabIndex={0}
      title="Réunion"
    >
      <svg
        className="icon"
        height="25px"
        width="25px"
      >
        <use
          xlinkHref="/static/flags.svg#RE"
          xmlnsXlink="http://www.w3.org/1999/xlink"
        />
      </svg>
      <h4
        className="inactive-country"
      >
        Réunion
      </h4>
    </div>
    <div
      className="country-name"
      onClick={[Function]}
      role="button"
      style=""
      tabIndex={0}
      title="United States"
    >
      <svg
        className="icon"
        height="25px"
        width="25px"
      >
        <use
          xlinkHref="/static/flags.svg#US"
          xmlnsXlink="http://www.w3.org/1999/xlink"
        />
      </svg>
      <h4
        className="inactive-country"
      >
        United States
      </h4>
    </div>
  </div>
</div>
`;
